// Jest Snapshot v1, https://goo.gl/fbAQLP

exports[`CollapsibleItemType should render without crashing 1`] = `<div />`;
